---
source: lindera/tests/golden_tokenization.rs
expression: render_nbest(results)
---
## candidate 0 (cost: 1384)
東京	0..6	名詞,固有名詞,地域,一般,*,*,東京,トウキョウ,トーキョー
、	6..9	記号,読点,*,*,*,*,、,、,、
です	9..15	助動詞,*,*,*,特殊・デス,基本形,です,デス,デス
。	15..18	記号,句点,*,*,*,*,。,。,。
関西国際空港	18..36	名詞,固有名詞,組織,*,*,*,関西国際空港,カンサイコクサイクウコウ,カンサイコクサイクーコー
へ	36..39	助詞,格助詞,一般,*,*,*,へ,ヘ,エ
行く	39..45	動詞,自立,*,*,五段・カ行促音便,基本形,行く,イク,イク

## candidate 1 (cost: 6329)
東京	0..6	名詞,固有名詞,地域,一般,*,*,東京,トウキョウ,トーキョー
、	6..9	記号,読点,*,*,*,*,、,、,、
です	9..15	助動詞,*,*,*,特殊・デス,基本形,です,デス,デス
。	15..18	記号,句点,*,*,*,*,。,。,。
関西国際空港	18..36	名詞,固有名詞,組織,*,*,*,関西国際空港,カンサイコクサイクウコウ,カンサイコクサイクーコー
へ	36..39	助詞,格助詞,一般,*,*,*,へ,ヘ,エ
行く	39..45	動詞,自立,*,*,五段・カ行促音便ユク,基本形,行く,ユク,ユク

## candidate 2 (cost: 9656)
東京	0..6	名詞,固有名詞,地域,一般,*,*,東京,トウキョウ,トーキョー
、	6..9	記号,読点,*,*,*,*,、,、,、
です	9..15	助動詞,*,*,*,特殊・デス,基本形,です,デス,デス
。	15..18	記号,句点,*,*,*,*,。,。,。
関西	18..24	名詞,固有名詞,地域,一般,*,*,関西,カンサイ,カンサイ
国際	24..30	名詞,一般,*,*,*,*,国際,コクサイ,コクサイ
空港	30..36	名詞,一般,*,*,*,*,空港,クウコウ,クーコー
へ	36..39	助詞,格助詞,一般,*,*,*,へ,ヘ,エ
行く	39..45	動詞,自立,*,*,五段・カ行促音便,基本形,行く,イク,イク

## candidate 3 (cost: 9760)
東京	0..6	名詞,固有名詞,地域,一般,*,*,東京,トウキョウ,トーキョー
、	6..9	記号,読点,*,*,*,*,、,、,、
です	9..15	助動詞,*,*,*,特殊・デス,基本形,です,デス,デス
。	15..18	記号,句点,*,*,*,*,。,。,。
関西国際空港	18..36	名詞,固有名詞,組織,*,*,*,関西国際空港,カンサイコクサイクウコウ,カンサイコクサイクーコー
へ	36..39	助詞,格助詞,一般,*,*,*,へ,ヘ,エ
行く	39..45	動詞,非自立,*,*,五段・カ行促音便,基本形,行く,イク,イク

## candidate 4 (cost: 11256)
東京	0..6	名詞,固有名詞,地域,一般,*,*,東京,トウキョウ,トーキョー
、	6..9	記号,読点,*,*,*,*,、,、,、
で	9..12	接続詞,*,*,*,*,*,で,デ,デ
す	12..15	名詞,一般,*,*,*,*,す,ス,ス
。	15..18	記号,句点,*,*,*,*,。,。,。
関西国際空港	18..36	名詞,固有名詞,組織,*,*,*,関西国際空港,カンサイコクサイクウコウ,カンサイコクサイクーコー
へ	36..39	助詞,格助詞,一般,*,*,*,へ,ヘ,エ
行く	39..45	動詞,自立,*,*,五段・カ行促音便,基本形,行く,イク,イク
