---
source: lindera/tests/golden_tokenization.rs
expression: "render(& segmenter, JAPANESE_TEXTS)"
---
## 関西国際空港限定トートバッグ
関西	0..6	0:1	関西,名詞,固有名詞,地名,一般,*,*,カンサイ,関西,*,A,*,*,*,*
国際	6..12	1:1	国際,名詞,普通名詞,一般,*,*,*,コクサイ,国際,*,A,*,*,*,*
空港	12..18	2:1	空港,名詞,普通名詞,一般,*,*,*,クウコウ,空港,*,A,*,*,*,015862
限定	18..24	3:1	限定,名詞,普通名詞,サ変可能,*,*,*,ゲンテイ,限定,*,A,*,*,*,022106
トートバッグ	24..42	4:1	トートバッグ,名詞,普通名詞,一般,*,*,*,トートバッグ,トートバッグ,*,C,225358/233138,225358/233138,225358/233138,000190

## すもももももももものうち
すもももももも	0..21	0:1	すもももももも,名詞,固有名詞,一般,*,*,*,スモモモモモモ,すもももももも,*,A,*,*,*,*
もも	21..27	1:1	もも,名詞,普通名詞,一般,*,*,*,モモ,もも,*,A,*,*,*,*
の	27..30	2:1	の,助詞,格助詞,*,*,*,*,ノ,の,*,A,*,*,*,*
うち	30..36	3:1	うち,名詞,普通名詞,副詞可能,*,*,*,ウチ,うち,*,A,*,*,*,*

## 日本語の形態素解析を行うことができます。
日本	0..6	0:1	日本,名詞,固有名詞,地名,国,*,*,ニッポン,日本,*,A,*,*,*,006418
語	6..9	1:1	語,名詞,普通名詞,一般,*,*,*,ゴ,語,*,A,*,*,*,*
の	9..12	2:1	の,助詞,格助詞,*,*,*,*,ノ,の,*,A,*,*,*,*
形態	12..18	3:1	形態,名詞,普通名詞,一般,*,*,*,ケイタイ,形態,*,A,*,*,*,*
素	18..21	4:1	素,接尾辞,名詞的,一般,*,*,*,ソ,素,*,A,*,*,*,*
解析	21..27	5:1	解析,名詞,普通名詞,サ変可能,*,*,*,カイセキ,解析,*,A,*,*,*,022912
を	27..30	6:1	を,助詞,格助詞,*,*,*,*,ヲ,を,*,A,*,*,*,*
行う	30..36	7:1	行う,動詞,一般,*,*,五段-ワア行,連体形-一般,オコナウ,行う,659573,A,*,*,*,022107/022589
こと	36..42	8:1	こと,名詞,普通名詞,一般,*,*,*,コト,こと,*,A,*,*,*,*
が	42..45	9:1	が,助詞,格助詞,*,*,*,*,ガ,が,*,A,*,*,*,*
でき	45..51	10:1	でき,動詞,非自立可能,*,*,上一段-カ行,連用形-一般,デキ,出来る,101595,A,*,*,*,*
ます	51..57	11:1	ます,助動詞,*,*,*,助動詞-マス,終止形-一般,マス,ます,148492,A,*,*,*,*
。	57..60	12:1	。,補助記号,句点,*,*,*,*,。,。,*,A,*,*,*,*

## Linderaは形態素解析エンジンです。ユーザー辞書も利用可能です。
Lindera	0..7	0:1	*,名詞,普通名詞,一般,*,*,*,*,*,*,*,*,*,*,*
は	7..10	1:1	は,助詞,係助詞,*,*,*,*,ハ,は,*,A,*,*,*,*
形態	10..16	2:1	形態,名詞,普通名詞,一般,*,*,*,ケイタイ,形態,*,A,*,*,*,*
素	16..19	3:1	素,接尾辞,名詞的,一般,*,*,*,ソ,素,*,A,*,*,*,*
解析	19..25	4:1	解析,名詞,普通名詞,サ変可能,*,*,*,カイセキ,解析,*,A,*,*,*,022912
エンジン	25..37	5:1	エンジン,名詞,普通名詞,一般,*,*,*,エンジン,エンジン,*,A,*,*,*,014419
です	37..43	6:1	です,助動詞,*,*,*,助動詞-デス,終止形-一般,デス,です,101738,A,*,*,*,*
。	43..46	7:1	。,補助記号,句点,*,*,*,*,。,。,*,A,*,*,*,*
ユーザー辞書	46..64	8:1	ユーザー辞書,名詞,固有名詞,一般,*,*,*,ユーザージショ,ユーザー辞書,*,C,259541/706944,259541/706944,259541/706944,*
も	64..67	9:1	も,助詞,係助詞,*,*,*,*,モ,も,*,A,*,*,*,*
利用	67..73	10:1	利用,名詞,普通名詞,サ変可能,*,*,*,リヨウ,利用,*,A,*,*,*,022583/023080
可能	73..79	11:1	可能,形状詞,一般,*,*,*,*,カノウ,可能,*,A,*,*,*,*
です	79..85	12:1	です,助動詞,*,*,*,助動詞-デス,終止形-一般,デス,です,101738,A,*,*,*,*
。	85..88	13:1	。,補助記号,句点,*,*,*,*,。,。,*,A,*,*,*,*

## １９８４年と1984年、ＡＢＣとabc。
１９８４	0..12	0:1	*,名詞,数詞,*,*,*,*,*,*,*,*,*,*,*,*
年	12..15	1:1	年,名詞,普通名詞,助数詞可能,*,*,*,ネン,年,*,A,*,*,*,*
と	15..18	2:1	と,助詞,格助詞,*,*,*,*,ト,と,*,A,*,*,*,*
1	18..19	3:1	1,名詞,数詞,*,*,*,*,イチ,1,*,A,*,*,*,017619
9	19..20	4:1	9,名詞,数詞,*,*,*,*,キュウ,9,*,A,*,*,*,016733
8	20..21	5:1	8,名詞,数詞,*,*,*,*,ハチ,8,*,A,*,*,*,*
4	21..22	6:1	4,名詞,数詞,*,*,*,*,ヨン,4,*,A,*,*,*,017063
年	22..25	7:1	年,名詞,普通名詞,助数詞可能,*,*,*,ネン,年,*,A,*,*,*,*
、	25..28	8:1	、,補助記号,読点,*,*,*,*,、,、,*,A,*,*,*,*
ＡＢＣ	28..37	9:1	*,名詞,普通名詞,一般,*,*,*,*,*,*,*,*,*,*,*
と	37..40	10:1	と,助詞,格助詞,*,*,*,*,ト,と,*,A,*,*,*,*
abc	40..43	11:1	ABC,名詞,固有名詞,一般,*,*,*,エービーシー,ABC,*,A,*,*,*,001534/004636/004840/027327
。	43..46	12:1	。,補助記号,句点,*,*,*,*,。,。,*,A,*,*,*,*

## 羽田空港から東京タワーまでタクシーで３０分です。
羽田	0..6	0:1	羽田,名詞,固有名詞,人名,姓,*,*,ハタ,羽田,*,A,*,*,*,*
空港	6..12	1:1	空港,名詞,普通名詞,一般,*,*,*,クウコウ,空港,*,A,*,*,*,015862
から	12..18	2:1	から,助詞,格助詞,*,*,*,*,カラ,から,*,A,*,*,*,*
東京タワー	18..33	3:1	東京タワー,名詞,固有名詞,一般,*,*,*,トウキョウタワー,東京タワー,*,C,512354/216725,512354/216725,512354/216725,*
まで	33..39	4:1	まで,助詞,副助詞,*,*,*,*,マデ,まで,*,A,*,*,*,*
タクシー	39..51	5:1	タクシー,名詞,普通名詞,一般,*,*,*,タクシー,タクシー,*,A,*,*,*,014781
で	51..54	6:1	で,助詞,格助詞,*,*,*,*,デ,で,*,A,*,*,*,*
３０	54..60	7:1	*,名詞,数詞,*,*,*,*,*,*,*,*,*,*,*,*
分	60..63	8:1	分,名詞,普通名詞,助数詞可能,*,*,*,フン,分,*,A,*,*,*,019521
です	63..69	9:1	です,助動詞,*,*,*,助動詞-デス,終止形-一般,デス,です,101738,A,*,*,*,*
。	69..72	10:1	。,補助記号,句点,*,*,*,*,。,。,*,A,*,*,*,*
