---
source: lindera/tests/golden_tokenization.rs
expression: rendered
---
# 先生には応《こた》えた。

## candidate 0 (cost: 34031)
先生	0..6	名詞,一般,*,*,*,*,先生,センセイ,センセイ
に	6..9	助詞,格助詞,一般,*,*,*,に,ニ,ニ
は	9..12	助詞,係助詞,*,*,*,*,は,ハ,ワ
応	12..15	名詞,一般,*,*,*,*,*,*,*
《	15..18	記号,括弧開,*,*,*,*,《,《,《
こ	18..21	動詞,自立,*,*,カ変・クル,未然形,くる,コ,コ
た	21..24	助動詞,*,*,*,特殊・タ,基本形,た,タ,タ
》	24..27	記号,括弧閉,*,*,*,*,》,》,》
え	27..30	動詞,自立,*,*,一段,連用形,える,エ,エ
た	30..33	助動詞,*,*,*,特殊・タ,基本形,た,タ,タ
。	33..36	記号,句点,*,*,*,*,。,。,。

## candidate 1 (cost: 41528)
先	0..3	名詞,一般,*,*,*,*,先,サキ,サキ
生	3..6	名詞,接尾,一般,*,*,*,生,セイ,セイ
に	6..9	助詞,格助詞,一般,*,*,*,に,ニ,ニ
は	9..12	助詞,係助詞,*,*,*,*,は,ハ,ワ
応	12..15	名詞,一般,*,*,*,*,*,*,*
《	15..18	記号,括弧開,*,*,*,*,《,《,《
こ	18..21	動詞,自立,*,*,カ変・クル,未然形,くる,コ,コ
た	21..24	助動詞,*,*,*,特殊・タ,基本形,た,タ,タ
》	24..27	記号,括弧閉,*,*,*,*,》,》,》
え	27..30	動詞,自立,*,*,一段,連用形,える,エ,エ
た	30..33	助動詞,*,*,*,特殊・タ,基本形,た,タ,タ
。	33..36	記号,句点,*,*,*,*,。,。,。

# 先生には応《こた》えた、先生には応《こた》えた。

## candidate 0 (cost: 70955)
先生	0..6	名詞,一般,*,*,*,*,先生,センセイ,センセイ
に	6..9	助詞,格助詞,一般,*,*,*,に,ニ,ニ
は	9..12	助詞,係助詞,*,*,*,*,は,ハ,ワ
応	12..15	名詞,一般,*,*,*,*,*,*,*
《	15..18	記号,括弧開,*,*,*,*,《,《,《
こ	18..21	動詞,自立,*,*,カ変・クル,未然形,くる,コ,コ
た	21..24	助動詞,*,*,*,特殊・タ,基本形,た,タ,タ
》	24..27	記号,括弧閉,*,*,*,*,》,》,》
え	27..30	動詞,自立,*,*,一段,連用形,える,エ,エ
た	30..33	助動詞,*,*,*,特殊・タ,基本形,た,タ,タ
、	33..36	記号,読点,*,*,*,*,、,、,、
先生	36..42	名詞,一般,*,*,*,*,先生,センセイ,センセイ
に	42..45	助詞,格助詞,一般,*,*,*,に,ニ,ニ
は	45..48	助詞,係助詞,*,*,*,*,は,ハ,ワ
応	48..51	名詞,一般,*,*,*,*,*,*,*
《	51..54	記号,括弧開,*,*,*,*,《,《,《
こ	54..57	動詞,自立,*,*,カ変・クル,未然形,くる,コ,コ
た	57..60	助動詞,*,*,*,特殊・タ,基本形,た,タ,タ
》	60..63	記号,括弧閉,*,*,*,*,》,》,》
え	63..66	動詞,自立,*,*,一段,連用形,える,エ,エ
た	66..69	助動詞,*,*,*,特殊・タ,基本形,た,タ,タ
。	69..72	記号,句点,*,*,*,*,。,。,。

## candidate 1 (cost: 78452)
先	0..3	名詞,一般,*,*,*,*,先,サキ,サキ
生	3..6	名詞,接尾,一般,*,*,*,生,セイ,セイ
に	6..9	助詞,格助詞,一般,*,*,*,に,ニ,ニ
は	9..12	助詞,係助詞,*,*,*,*,は,ハ,ワ
応	12..15	名詞,一般,*,*,*,*,*,*,*
《	15..18	記号,括弧開,*,*,*,*,《,《,《
こ	18..21	動詞,自立,*,*,カ変・クル,未然形,くる,コ,コ
た	21..24	助動詞,*,*,*,特殊・タ,基本形,た,タ,タ
》	24..27	記号,括弧閉,*,*,*,*,》,》,》
え	27..30	動詞,自立,*,*,一段,連用形,える,エ,エ
た	30..33	助動詞,*,*,*,特殊・タ,基本形,た,タ,タ
、	33..36	記号,読点,*,*,*,*,、,、,、
先生	36..42	名詞,一般,*,*,*,*,先生,センセイ,センセイ
に	42..45	助詞,格助詞,一般,*,*,*,に,ニ,ニ
は	45..48	助詞,係助詞,*,*,*,*,は,ハ,ワ
応	48..51	名詞,一般,*,*,*,*,*,*,*
《	51..54	記号,括弧開,*,*,*,*,《,《,《
こ	54..57	動詞,自立,*,*,カ変・クル,未然形,くる,コ,コ
た	57..60	助動詞,*,*,*,特殊・タ,基本形,た,タ,タ
》	60..63	記号,括弧閉,*,*,*,*,》,》,》
え	63..66	動詞,自立,*,*,一段,連用形,える,エ,エ
た	66..69	助動詞,*,*,*,特殊・タ,基本形,た,タ,タ
。	69..72	記号,句点,*,*,*,*,。,。,。

## candidate 2 (cost: 78452)
先生	0..6	名詞,一般,*,*,*,*,先生,センセイ,センセイ
に	6..9	助詞,格助詞,一般,*,*,*,に,ニ,ニ
は	9..12	助詞,係助詞,*,*,*,*,は,ハ,ワ
応	12..15	名詞,一般,*,*,*,*,*,*,*
《	15..18	記号,括弧開,*,*,*,*,《,《,《
こ	18..21	動詞,自立,*,*,カ変・クル,未然形,くる,コ,コ
た	21..24	助動詞,*,*,*,特殊・タ,基本形,た,タ,タ
》	24..27	記号,括弧閉,*,*,*,*,》,》,》
え	27..30	動詞,自立,*,*,一段,連用形,える,エ,エ
た	30..33	助動詞,*,*,*,特殊・タ,基本形,た,タ,タ
、	33..36	記号,読点,*,*,*,*,、,、,、
先	36..39	名詞,一般,*,*,*,*,先,サキ,サキ
生	39..42	名詞,接尾,一般,*,*,*,生,セイ,セイ
に	42..45	助詞,格助詞,一般,*,*,*,に,ニ,ニ
は	45..48	助詞,係助詞,*,*,*,*,は,ハ,ワ
応	48..51	名詞,一般,*,*,*,*,*,*,*
《	51..54	記号,括弧開,*,*,*,*,《,《,《
こ	54..57	動詞,自立,*,*,カ変・クル,未然形,くる,コ,コ
た	57..60	助動詞,*,*,*,特殊・タ,基本形,た,タ,タ
》	60..63	記号,括弧閉,*,*,*,*,》,》,》
え	63..66	動詞,自立,*,*,一段,連用形,える,エ,エ
た	66..69	助動詞,*,*,*,特殊・タ,基本形,た,タ,タ
。	69..72	記号,句点,*,*,*,*,。,。,。
