---
source: lindera/tests/golden_tokenization.rs
expression: "render(&tokenizer, texts)"
---
## 東京スカイツリーの最寄り駅はとうきょうスカイツリー駅です
東京スカイツリー	0..24	0:1	カスタム名詞,*,*,*,*,*,*,トウキョウスカイツリー,*
の	24..27	1:1	助詞,連体化,*,*,*,*,の,ノ,ノ
最寄り駅	27..39	2:1	名詞,一般,*,*,*,*,最寄り駅,モヨリエキ,モヨリエキ
は	39..42	3:1	助詞,係助詞,*,*,*,*,は,ハ,ワ
とうきょうスカイツリー駅	42..78	4:1	カスタム名詞,*,*,*,*,*,*,トウキョウスカイツリーエキ,*
です	78..84	5:1	助動詞,*,*,*,特殊・デス,基本形,です,デス,デス
