---
source: lindera/tests/golden_tokenization.rs
expression: "render(& segmenter, JAPANESE_TEXTS)"
---
## 関西国際空港限定トートバッグ
関西国際空港	0..18	0:1	関西国際空港,名詞,固有名詞,一般,*,*,*,カンサイコクサイクウコウ,関西国際空港,*,C,733452/364545/601192,733452/364545/601192,733452/364545/601192,021140
限定	18..24	1:1	限定,名詞,普通名詞,サ変可能,*,*,*,ゲンテイ,限定,*,A,*,*,*,022106
トートバッグ	24..42	2:1	トートバッグ,名詞,普通名詞,一般,*,*,*,トートバッグ,トートバッグ,*,C,225358/233138,225358/233138,225358/233138,000190

## すもももももももものうち
すもももももも	0..21	0:1	すもももももも,名詞,固有名詞,一般,*,*,*,スモモモモモモ,すもももももも,*,A,*,*,*,*
もも	21..27	1:1	もも,名詞,普通名詞,一般,*,*,*,モモ,もも,*,A,*,*,*,*
の	27..30	2:1	の,助詞,格助詞,*,*,*,*,ノ,の,*,A,*,*,*,*
うち	30..36	3:1	うち,名詞,普通名詞,副詞可能,*,*,*,ウチ,うち,*,A,*,*,*,*

## 日本語の形態素解析を行うことができます。
日本語	0..9	0:1	日本語,名詞,普通名詞,一般,*,*,*,ニホンゴ,日本語,*,B,498226/681229,*,498226/681229,*
の	9..12	1:1	の,助詞,格助詞,*,*,*,*,ノ,の,*,A,*,*,*,*
形態素解析	12..27	2:1	形態素解析,名詞,普通名詞,一般,*,*,*,ケイタイソカイセキ,形態素解析,*,C,422661/616239/672158,1209889/672158,1209889/672158,*
を	27..30	3:1	を,助詞,格助詞,*,*,*,*,ヲ,を,*,A,*,*,*,*
行う	30..36	4:1	行う,動詞,一般,*,*,五段-ワア行,連体形-一般,オコナウ,行う,659573,A,*,*,*,022107/022589
こと	36..42	5:1	こと,名詞,普通名詞,一般,*,*,*,コト,こと,*,A,*,*,*,*
が	42..45	6:1	が,助詞,格助詞,*,*,*,*,ガ,が,*,A,*,*,*,*
でき	45..51	7:1	でき,動詞,非自立可能,*,*,上一段-カ行,連用形-一般,デキ,出来る,101595,A,*,*,*,*
ます	51..57	8:1	ます,助動詞,*,*,*,助動詞-マス,終止形-一般,マス,ます,148492,A,*,*,*,*
。	57..60	9:1	。,補助記号,句点,*,*,*,*,。,。,*,A,*,*,*,*

## Linderaは形態素解析エンジンです。ユーザー辞書も利用可能です。
Lindera	0..7	0:1	*,名詞,普通名詞,一般,*,*,*,*,*,*,*,*,*,*,*
は	7..10	1:1	は,助詞,係助詞,*,*,*,*,ハ,は,*,A,*,*,*,*
形態素解析	10..25	2:1	形態素解析,名詞,普通名詞,一般,*,*,*,ケイタイソカイセキ,形態素解析,*,C,422661/616239/672158,1209889/672158,1209889/672158,*
エンジン	25..37	3:1	エンジン,名詞,普通名詞,一般,*,*,*,エンジン,エンジン,*,A,*,*,*,014419
です	37..43	4:1	です,助動詞,*,*,*,助動詞-デス,終止形-一般,デス,です,101738,A,*,*,*,*
。	43..46	5:1	。,補助記号,句点,*,*,*,*,。,。,*,A,*,*,*,*
ユーザー辞書	46..64	6:1	ユーザー辞書,名詞,固有名詞,一般,*,*,*,ユーザージショ,ユーザー辞書,*,C,259541/706944,259541/706944,259541/706944,*
も	64..67	7:1	も,助詞,係助詞,*,*,*,*,モ,も,*,A,*,*,*,*
利用可能	67..79	8:1	利用可能,名詞,普通名詞,一般,*,*,*,リヨウカノウ,利用可能,*,C,316369/341097,316369/341097,316369/341097,*
です	79..85	9:1	です,助動詞,*,*,*,助動詞-デス,終止形-一般,デス,です,101738,A,*,*,*,*
。	85..88	10:1	。,補助記号,句点,*,*,*,*,。,。,*,A,*,*,*,*

## １９８４年と1984年、ＡＢＣとabc。
１９８４	0..12	0:1	*,名詞,数詞,*,*,*,*,*,*,*,*,*,*,*,*
年	12..15	1:1	年,名詞,普通名詞,助数詞可能,*,*,*,ネン,年,*,A,*,*,*,*
と	15..18	2:1	と,助詞,格助詞,*,*,*,*,ト,と,*,A,*,*,*,*
1	18..19	3:1	1,名詞,数詞,*,*,*,*,イチ,1,*,A,*,*,*,017619
9	19..20	4:1	9,名詞,数詞,*,*,*,*,キュウ,9,*,A,*,*,*,016733
8	20..21	5:1	8,名詞,数詞,*,*,*,*,ハチ,8,*,A,*,*,*,*
4	21..22	6:1	4,名詞,数詞,*,*,*,*,ヨン,4,*,A,*,*,*,017063
年	22..25	7:1	年,名詞,普通名詞,助数詞可能,*,*,*,ネン,年,*,A,*,*,*,*
、	25..28	8:1	、,補助記号,読点,*,*,*,*,、,、,*,A,*,*,*,*
ＡＢＣ	28..37	9:1	*,名詞,普通名詞,一般,*,*,*,*,*,*,*,*,*,*,*
と	37..40	10:1	と,助詞,格助詞,*,*,*,*,ト,と,*,A,*,*,*,*
abc	40..43	11:1	ABC,名詞,固有名詞,一般,*,*,*,エービーシー,ABC,*,A,*,*,*,001534/004636/004840/027327
。	43..46	12:1	。,補助記号,句点,*,*,*,*,。,。,*,A,*,*,*,*

## 羽田空港から東京タワーまでタクシーで３０分です。
羽田空港	0..12	0:1	羽田空港,名詞,固有名詞,一般,*,*,*,ハネダクウコウ,羽田空港,*,C,632414/601192,632414/601192,632414/601192,023598
から	12..18	1:1	から,助詞,格助詞,*,*,*,*,カラ,から,*,A,*,*,*,*
東京タワー	18..33	2:1	東京タワー,名詞,固有名詞,一般,*,*,*,トウキョウタワー,東京タワー,*,C,512354/216725,512354/216725,512354/216725,*
まで	33..39	3:1	まで,助詞,副助詞,*,*,*,*,マデ,まで,*,A,*,*,*,*
タクシー	39..51	4:1	タクシー,名詞,普通名詞,一般,*,*,*,タクシー,タクシー,*,A,*,*,*,014781
で	51..54	5:1	で,助詞,格助詞,*,*,*,*,デ,で,*,A,*,*,*,*
３０	54..60	6:1	*,名詞,数詞,*,*,*,*,*,*,*,*,*,*,*,*
分	60..63	7:1	分,名詞,普通名詞,助数詞可能,*,*,*,フン,分,*,A,*,*,*,019521
です	63..69	8:1	です,助動詞,*,*,*,助動詞-デス,終止形-一般,デス,です,101738,A,*,*,*,*
。	69..72	9:1	。,補助記号,句点,*,*,*,*,。,。,*,A,*,*,*,*
