---
source: lindera/tests/golden_tokenization.rs
expression: out
---
## candidate 0 (cost: 16215)
関西国際空港	0..18	名詞,固有名詞,組織,*,*,*,関西国際空港,カンサイコクサイクウコウ,カンサイコクサイクーコー
限定	18..24	名詞,サ変接続,*,*,*,*,限定,ゲンテイ,ゲンテイ
トートバッグ	24..42	名詞,一般,*,*,*,*,*,*,*

## candidate 1 (cost: 16624)
関西国際空港	0..18	名詞,固有名詞,組織,*,*,*,関西国際空港,カンサイコクサイクウコウ,カンサイコクサイクーコー
限定	18..24	名詞,サ変接続,*,*,*,*,限定,ゲンテイ,ゲンテイ
トートバッグ	24..42	名詞,固有名詞,組織,*,*,*,*,*,*

## candidate 2 (cost: 17196)
関西国際空港	0..18	名詞,固有名詞,組織,*,*,*,関西国際空港,カンサイコクサイクウコウ,カンサイコクサイクーコー
限定	18..24	名詞,サ変接続,*,*,*,*,限定,ゲンテイ,ゲンテイ
トートバッグ	24..42	名詞,固有名詞,一般,*,*,*,*,*,*
