---
source: lindera/tests/golden_tokenization.rs
expression: "render(& segmenter, JAPANESE_TEXTS)"
---
## 関西国際空港限定トートバッグ
関西	0..6	0:1	名詞,固有名詞,地名,一般,*,*,カンサイ,カンサイ,関西,カンサイ,関西,カンサイ,固,*,*,*,*
国際	6..12	1:1	名詞,普通名詞,一般,*,*,*,コクサイ,国際,国際,コクサイ,国際,コクサイ,漢,*,*,*,*
空港	12..18	2:1	名詞,普通名詞,一般,*,*,*,クウコウ,空港,空港,クーコー,空港,クーコー,漢,*,*,*,*
限定	18..24	3:1	名詞,普通名詞,サ変可能,*,*,*,ゲンテイ,限定,限定,ゲンテー,限定,ゲンテー,漢,*,*,*,*
トート	24..33	4:1	名詞,普通名詞,一般,*,*,*,トート,トート,トート,トート,トート,トート,外,*,*,*,*
バッグ	33..42	5:1	名詞,普通名詞,一般,*,*,*,バッグ,バッグ-bag,バッグ,バッグ,バッグ,バッグ,外,*,*,*,*

## すもももももももものうち
すもも	0..9	0:1	名詞,普通名詞,一般,*,*,*,スモモ,李,すもも,スモモ,すもも,スモモ,和,*,*,*,*
も	9..12	1:1	助詞,係助詞,*,*,*,*,モ,も,も,モ,も,モ,和,*,*,*,*
もも	12..18	2:1	名詞,普通名詞,一般,*,*,*,モモ,桃,もも,モモ,もも,モモ,和,*,*,*,*
も	18..21	3:1	助詞,係助詞,*,*,*,*,モ,も,も,モ,も,モ,和,*,*,*,*
もも	21..27	4:1	名詞,普通名詞,一般,*,*,*,モモ,桃,もも,モモ,もも,モモ,和,*,*,*,*
の	27..30	5:1	助詞,格助詞,*,*,*,*,ノ,の,の,ノ,の,ノ,和,*,*,*,*
うち	30..36	6:1	名詞,普通名詞,副詞可能,*,*,*,ウチ,内,うち,ウチ,うち,ウチ,和,*,*,*,*

## 日本語の形態素解析を行うことができます。
日本	0..6	0:1	名詞,固有名詞,地名,国,*,*,ニッポン,日本,日本,ニッポン,日本,ニッポン,固,*,*,*,*
語	6..9	1:1	名詞,普通名詞,一般,*,*,*,ゴ,語,語,ゴ,語,ゴ,漢,*,*,*,*
の	9..12	2:1	助詞,格助詞,*,*,*,*,ノ,の,の,ノ,の,ノ,和,*,*,*,*
形態	12..18	3:1	名詞,普通名詞,一般,*,*,*,ケイタイ,形態,形態,ケータイ,形態,ケータイ,漢,*,*,*,*
素	18..21	4:1	接尾辞,名詞的,一般,*,*,*,ソ,素,素,ソ,素,ソ,漢,*,*,*,*
解析	21..27	5:1	名詞,普通名詞,サ変可能,*,*,*,カイセキ,解析,解析,カイセキ,解析,カイセキ,漢,*,*,*,*
を	27..30	6:1	助詞,格助詞,*,*,*,*,ヲ,を,を,オ,を,オ,和,*,*,*,*
行う	30..36	7:1	動詞,一般,*,*,五段-ワア行,連体形-一般,オコナウ,行う,行う,オコナウ,行う,オコナウ,和,*,*,*,*
こと	36..42	8:1	名詞,普通名詞,一般,*,*,*,コト,事,こと,コト,こと,コト,和,コ濁,基本形,*,*
が	42..45	9:1	助詞,格助詞,*,*,*,*,ガ,が,が,ガ,が,ガ,和,*,*,*,*
でき	45..51	10:1	動詞,非自立可能,*,*,上一段-カ行,連用形-一般,デキル,出来る,でき,デキ,できる,デキル,和,*,*,*,*
ます	51..57	11:1	助動詞,*,*,*,助動詞-マス,終止形-一般,マス,ます,ます,マス,ます,マス,和,*,*,*,*
。	57..60	12:1	補助記号,句点,*,*,*,*,,。,。,,。,,記号,*,*,*,*

## Linderaは形態素解析エンジンです。ユーザー辞書も利用可能です。
Lindera	0..7	0:1	名詞,普通名詞,一般,*,*,*,*,*,*,*,*,*,*,*,*,*,*
は	7..10	1:1	助詞,係助詞,*,*,*,*,ハ,は,は,ワ,は,ワ,和,*,*,*,*
形態	10..16	2:1	名詞,普通名詞,一般,*,*,*,ケイタイ,形態,形態,ケータイ,形態,ケータイ,漢,*,*,*,*
素	16..19	3:1	接尾辞,名詞的,一般,*,*,*,ソ,素,素,ソ,素,ソ,漢,*,*,*,*
解析	19..25	4:1	名詞,普通名詞,サ変可能,*,*,*,カイセキ,解析,解析,カイセキ,解析,カイセキ,漢,*,*,*,*
エンジン	25..37	5:1	名詞,普通名詞,一般,*,*,*,エンジン,エンジン-engine,エンジン,エンジン,エンジン,エンジン,外,*,*,*,*
です	37..43	6:1	助動詞,*,*,*,助動詞-デス,終止形-一般,デス,です,です,デス,です,デス,和,*,*,*,*
。	43..46	7:1	補助記号,句点,*,*,*,*,,。,。,,。,,記号,*,*,*,*
ユーザー	46..58	8:1	名詞,普通名詞,一般,*,*,*,ユーザー,ユーザー-user,ユーザー,ユーザー,ユーザー,ユーザー,外,*,*,*,*
辞書	58..64	9:1	名詞,普通名詞,一般,*,*,*,ジショ,辞書,辞書,ジショ,辞書,ジショ,漢,*,*,*,*
も	64..67	10:1	助詞,係助詞,*,*,*,*,モ,も,も,モ,も,モ,和,*,*,*,*
利用	67..73	11:1	名詞,普通名詞,サ変可能,*,*,*,リヨウ,利用,利用,リヨー,利用,リヨー,漢,*,*,*,*
可能	73..79	12:1	形状詞,一般,*,*,*,*,カノウ,可能,可能,カノー,可能,カノー,漢,*,*,*,*
です	79..85	13:1	助動詞,*,*,*,助動詞-デス,終止形-一般,デス,です,です,デス,です,デス,和,*,*,*,*
。	85..88	14:1	補助記号,句点,*,*,*,*,,。,。,,。,,記号,*,*,*,*

## １９８４年と1984年、ＡＢＣとabc。
１	0..3	0:1	名詞,数詞,*,*,*,*,イチ,一,１,イチ,１,イチ,漢,*,*,チ促,基本形
９	3..6	1:1	名詞,数詞,*,*,*,*,キュウ,九,９,キュー,９,キュー,漢,*,*,*,*
８	6..9	2:1	名詞,数詞,*,*,*,*,ハチ,八,８,ハチ,８,ハチ,漢,ハ半濁,基本形,チ促,基本形
４	9..12	3:1	名詞,数詞,*,*,*,*,ヨン,四,４,ヨン,４,ヨン,和,*,*,*,*
年	12..15	4:1	名詞,普通名詞,助数詞可能,*,*,*,ネン,年,年,ネン,年,ネン,漢,*,*,*,*
と	15..18	5:1	助詞,格助詞,*,*,*,*,ト,と,と,ト,と,ト,和,*,*,*,*
1	18..19	6:1	名詞,数詞,*,*,*,*,イチ,一,1,イチ,1,イチ,漢,*,*,チ促,基本形
9	19..20	7:1	名詞,数詞,*,*,*,*,キュウ,九,9,キュー,9,キュー,漢,*,*,*,*
8	20..21	8:1	名詞,数詞,*,*,*,*,ハチ,八,8,ハチ,8,ハチ,漢,ハ半濁,基本形,チ促,基本形
4	21..22	9:1	名詞,数詞,*,*,*,*,ヨン,四,4,ヨン,4,ヨン,和,*,*,*,*
年	22..25	10:1	名詞,普通名詞,助数詞可能,*,*,*,ネン,年,年,ネン,年,ネン,漢,*,*,*,*
、	25..28	11:1	補助記号,読点,*,*,*,*,,、,、,,、,,記号,*,*,*,*
ＡＢＣ	28..37	12:1	名詞,固有名詞,一般,*,*,*,エービーシー,ＡＢＣ,ＡＢＣ,エービーシー,ＡＢＣ,エービーシー,固,*,*,*,*
と	37..40	13:1	助詞,格助詞,*,*,*,*,ト,と,と,ト,と,ト,和,*,*,*,*
a	40..41	14:1	記号,文字,*,*,*,*,エー,Ａ,a,エー,a,エー,記号,*,*,*,*
b	41..42	15:1	記号,文字,*,*,*,*,ビー,Ｂ,b,ビー,b,ビー,記号,*,*,*,*
c	42..43	16:1	記号,文字,*,*,*,*,シー,Ｃ,c,シー,c,シー,記号,*,*,*,*
。	43..46	17:1	補助記号,句点,*,*,*,*,,。,。,,。,,記号,*,*,*,*

## 羽田空港から東京タワーまでタクシーで３０分です。
羽田	0..6	0:1	名詞,固有名詞,人名,姓,*,*,ハタ,ハタ,羽田,ハタ,羽田,ハタ,固,*,*,*,*
空港	6..12	1:1	名詞,普通名詞,一般,*,*,*,クウコウ,空港,空港,クーコー,空港,クーコー,漢,*,*,*,*
から	12..18	2:1	助詞,格助詞,*,*,*,*,カラ,から,から,カラ,から,カラ,和,*,*,*,*
東京	18..24	3:1	名詞,固有名詞,地名,一般,*,*,トウキョウ,トウキョウ,東京,トーキョー,東京,トーキョー,固,*,*,*,*
タワー	24..33	4:1	名詞,普通名詞,一般,*,*,*,タワー,タワー-tower,タワー,タワー,タワー,タワー,外,*,*,*,*
まで	33..39	5:1	助詞,副助詞,*,*,*,*,マデ,まで,まで,マデ,まで,マデ,和,*,*,*,*
タクシー	39..51	6:1	名詞,普通名詞,一般,*,*,*,タクシー,タクシー-taxi,タクシー,タクシー,タクシー,タクシー,外,*,*,*,*
で	51..54	7:1	助詞,格助詞,*,*,*,*,デ,で,で,デ,で,デ,和,*,*,*,*
３	54..57	8:1	名詞,数詞,*,*,*,*,サン,三,３,サン,３,サン,漢,*,*,*,*
０	57..60	9:1	名詞,数詞,*,*,*,*,レイ,零,０,レー,０,レー,漢,*,*,*,*
分	60..63	10:1	名詞,普通名詞,助数詞可能,*,*,*,フン,分,分,フン,分,フン,漢,フ混合,基本形,*,*
です	63..69	11:1	助動詞,*,*,*,助動詞-デス,終止形-一般,デス,です,です,デス,です,デス,和,*,*,*,*
。	69..72	12:1	補助記号,句点,*,*,*,*,,。,。,,。,,記号,*,*,*,*
